npm notice run living-small-world@0.23.0 npx
npm notice run 'playwright' test tests/browser/app.spec.ts tests/browser/continuity.spec.ts tests/browser/engine-migration.spec.ts
[WebServer] npm notice run living-small-world@0.23.0 dev
[WebServer] npm notice run vite --host 0.0.0.0 --port 4173
[WebServer] (node:3181198) Warning: The 'NO_COLOR' env is ignored due to the 'FORCE_COLOR' env being set.
[WebServer] (Use `node --trace-warnings ...` to show where the warning was created)

Running 18 tests using 1 worker

(node:3182111) Warning: The 'NO_COLOR' env is ignored due to the 'FORCE_COLOR' env being set.
(Use `node --trace-warnings ...` to show where the warning was created)
  ✓   1 tests/browser/app.spec.ts:3:1 › observe, pause, inspect, experiment, save and restore a world (2.5s)
  ✓   2 tests/browser/app.spec.ts:28:1 › reset preserves a separate backup and reload resumes local progress (1.1s)
  ✓   3 tests/browser/app.spec.ts:39:1 › mobile layout fits the viewport and invalid import preserves the world (774ms)
  ✓   4 tests/browser/app.spec.ts:48:1 › daily observations, prices and life history show actual linked events (1.4s)
  ✓   5 tests/browser/app.spec.ts:77:1 › server world synchronizes two devices, archives history, exports and restores a backup (11.0s)
  ✓   6 tests/browser/app.spec.ts:122:1 › AI settings distinguish unavailable models and grounded Mock dialogue opens real evidence (2.7s)
  ✓   7 tests/browser/app.spec.ts:168:1 › configured model audit displays escaped results, links evidence and exports the saved input (1.0s)
  ✓   8 tests/browser/app.spec.ts:198:1 › multiple settlements, focused history and family inspection survive reload on mobile (1.5s)
  ✓   9 tests/browser/app.spec.ts:217:1 › initial server load recovers automatically after a failed request (2.6s)
  ✓  10 tests/browser/app.spec.ts:230:1 › map paints intermediate positions between server updates while avoiding repeated journal and AI fetches (11.6s)
  ✓  11 tests/browser/app.spec.ts:274:1 › city atlas, district inspection, policy and citizen attributes survive local save (1.2s)
  ✓  12 tests/browser/app.spec.ts:290:1 › 1000 resident city world has paginated residents and selectable regions (1.4s)
  ✓  13 tests/browser/app.spec.ts:300:1 › ecology and council controls persist; historical questions, evidence and family tree work on mobile (1.5s)
  ✓  14 tests/browser/app.spec.ts:322:1 › server history retrieves original events and streamed save remains a valid restorable world (3.7s)
  ✓  15 tests/browser/continuity.spec.ts:4:1 › timed construction, evidence, farm fences and daily history work on mobile (6.4s)
  ✓  16 tests/browser/continuity.spec.ts:16:1 › follow-up conversation sends server-issued previous ID and new conversation clears it (7.9s)
  ✓  17 tests/browser/engine-migration.spec.ts:9:1 › real Worker loads v021 retained engine and confirms previous-build progress once (1.9s)
  ✓  18 tests/browser/engine-migration.spec.ts:9:1 › real Worker loads v022 retained engine and confirms previous-build progress once (1.8s)

  18 passed (1.1m)
