npm notice run living-small-world@0.23.0 test:browser
npm notice run playwright test
[WebServer] npm notice run living-small-world@0.23.0 dev
[WebServer] npm notice run vite --host 0.0.0.0 --port 4173
[WebServer] (node:3143399) Warning: The 'NO_COLOR' env is ignored due to the 'FORCE_COLOR' env being set.
[WebServer] (Use `node --trace-warnings ...` to show where the warning was created)

Running 74 tests using 1 worker

(node:3143484) Warning: The 'NO_COLOR' env is ignored due to the 'FORCE_COLOR' env being set.
(Use `node --trace-warnings ...` to show where the warning was created)
  ✓   1 tests/browser/app.spec.ts:3:1 › observe, pause, inspect, experiment, save and restore a world (2.5s)
  ✓   2 tests/browser/app.spec.ts:28:1 › reset preserves a separate backup and reload resumes local progress (1.1s)
  ✓   3 tests/browser/app.spec.ts:39:1 › mobile layout fits the viewport and invalid import preserves the world (728ms)
  ✓   4 tests/browser/app.spec.ts:48:1 › daily observations, prices and life history show actual linked events (1.4s)
  ✓   5 tests/browser/app.spec.ts:77:1 › server world synchronizes two devices, archives history, exports and restores a backup (10.4s)
  ✓   6 tests/browser/app.spec.ts:122:1 › AI settings distinguish unavailable models and grounded Mock dialogue opens real evidence (1.7s)
  ✓   7 tests/browser/app.spec.ts:168:1 › configured model audit displays escaped results, links evidence and exports the saved input (964ms)
  ✓   8 tests/browser/app.spec.ts:198:1 › multiple settlements, focused history and family inspection survive reload on mobile (1.4s)
  ✓   9 tests/browser/app.spec.ts:217:1 › initial server load recovers automatically after a failed request (2.9s)
  ✓  10 tests/browser/app.spec.ts:230:1 › map paints intermediate positions between server updates while avoiding repeated journal and AI fetches (11.4s)
  ✓  11 tests/browser/app.spec.ts:274:1 › city atlas, district inspection, policy and citizen attributes survive local save (1.2s)
  ✓  12 tests/browser/app.spec.ts:290:1 › 1000 resident city world has paginated residents and selectable regions (1.5s)
  ✓  13 tests/browser/app.spec.ts:300:1 › ecology and council controls persist; historical questions, evidence and family tree work on mobile (1.5s)
  ✘  14 tests/browser/app.spec.ts:322:1 › server history retrieves original events and streamed save remains a valid restorable world (30.1s)
(node:3145071) Warning: The 'NO_COLOR' env is ignored due to the 'FORCE_COLOR' env being set.
(Use `node --trace-warnings ...` to show where the warning was created)
  ✓  15 tests/browser/biography.spec.ts:5:1 › life introduction, threads, turning points and both perspectives are readable and link to originals (1.4s)
  ✓  16 tests/browser/biography.spec.ts:28:1 › server archive paginates, preserves link across accounts and guards world reset (4.7s)
  ✓  17 tests/browser/biography.spec.ts:44:1 › delayed history never replaces a closed dialog or a newer story (1.3s)
  ✓  18 tests/browser/characters.spec.ts:3:1 › create a customized resident, follow real interactions, find them and restore their profile (4.2s)
  ✓  19 tests/browser/characters.spec.ts:30:1 › city scale supports creating and locating a resident in a different settlement (1.8s)
  ✓  20 tests/browser/characters.spec.ts:42:1 › mobile creator fits the viewport, preserves input across ticks, and allows cancellation (2.6s)
  ✓  21 tests/browser/characters.spec.ts:52:1 › server-backed creator survives reload and records arrival in the life archive (2.5s)
  ✓  22 tests/browser/characters.spec.ts:65:2 › expanded world overview and resident condition are readable on desktop and mobile (1.4s)
  ✓  23 tests/browser/characters.spec.ts:77:1 › children, retired residents and job seekers can be created with accurate status labels (1.2s)
  ✓  24 tests/browser/characters.spec.ts:92:1 › personality charms update in the creator and directional relationship factors fit mobile (2.8s)
  ✓  25 tests/browser/characters.spec.ts:118:1 › visual presets, hairstyles and wardrobe persist across save and reload on desktop and mobile (1.5s)
  ✓  26 tests/browser/chrome.spec.ts:52:1 › Chrome opt-in runs an English goal request through real server validation and shows evidence (3.1s)
  ✓  27 tests/browser/chrome.spec.ts:81:1 › unsupported Chrome and failed download preserve the selected world mode and never call external AI (1.3s)
  ✓  28 tests/browser/chrome.spec.ts:97:1 › hidden tabs cancel outstanding inference, destroy sessions and cannot start new work (2.5s)
Actual browser capability: {"browser":"153.0.8010.12","secureContext":true,"languageModelPresent":true,"availability":"downloadable","realInferenceVerified":false}
  ✓  29 tests/browser/chrome.spec.ts:108:1 › actual browser capability probe is reported separately from mocked model tests (390ms)
  -  30 tests/browser/chrome.spec.ts:118:1 › real Chrome model selects a goal without external API credentials
  ✓  31 tests/browser/chrome.spec.ts:149:1 › Chrome context limit fails before inference and exports bounded diagnostics without lease credentials (2.8s)
  ✓  32 tests/browser/chrome.spec.ts:172:1 › server-rejected model output stops the device instead of consuming more requests (2.5s)
  ✓  33 tests/browser/chrome.spec.ts:192:1 › server collection and rest windows are visible and do not start extra model calls (8.4s)
  ✓  34 tests/browser/chrome.spec.ts:207:1 › cancelled download destroys a late session without activating the device (1.0s)
  ✓  35 tests/browser/chrome.spec.ts:222:1 › Chrome inference timeout cancels the model and records failure while the world remains usable (2.9s)
  ✓  36 tests/browser/cognition.spec.ts:6:37 › daily plan, reflection and original evidence are readable on desktop (1.2s)
  ✓  37 tests/browser/cognition.spec.ts:6:37 › daily plan, reflection and original evidence are readable on mobile (1.0s)
  ✘  38 tests/browser/continuity.spec.ts:4:1 › timed construction, evidence, farm fences and daily history work on mobile (30.1s)
(node:3147474) Warning: The 'NO_COLOR' env is ignored due to the 'FORCE_COLOR' env being set.
(Use `node --trace-warnings ...` to show where the warning was created)
  ✓  39 tests/browser/continuity.spec.ts:15:1 › follow-up conversation sends server-issued previous ID and new conversation clears it (5.6s)
  ✓  40 tests/browser/discovery.spec.ts:3:1 › story walk keeps its reading snapshot and links to actual people, evidence and lives (1.2s)
  ✓  41 tests/browser/discovery.spec.ts:27:1 › immersive mode restores controls with Escape without changing world time or speed (582ms)
  ✓  42 tests/browser/discovery.spec.ts:37:1 › mobile, reduced motion, empty topics and blocked storage stay usable (992ms)
  ✓  43 tests/browser/discovery.spec.ts:53:1 › a new world clears old recommendations and guide progress; topic buttons keep keyboard focus (851ms)
  ✓  44 tests/browser/engine-migration.spec.ts:7:1 › real Worker loads the retained engine chunk and confirms previous-build progress once (1.6s)
  ✓  45 tests/browser/expansion.spec.ts:21:1 › operations and replay check explain actual measurements without changing the world (3.5s)
  ✓  46 tests/browser/expansion.spec.ts:40:1 › large file browser upload previews and applies an archive above 10MB (24.1s)
  ✓  47 tests/browser/expansion.spec.ts:71:1 › positioned home, land sale, wildlife and grounded mock reflection are usable from the UI (5.2s)
  ✓  48 tests/browser/expansion.spec.ts:117:1 › Chrome Korean unsupported rejects locally without any external request (3.0s)
  ✓  49 tests/browser/gatherings.spec.ts:4:37 › resident appointments show direct invitations, outcomes and place on desktop (1.8s)
  ✓  50 tests/browser/gatherings.spec.ts:4:37 › resident appointments show direct invitations, outcomes and place on mobile (1.6s)
  ✓  51 tests/browser/gatherings.spec.ts:33:1 › changed appointments show the original request, fresh consent and grounded recurring neighbours (2.2s)
  ✓  52 tests/browser/inspector.spec.ts:4:34 › reading remains stable across live updates at 1440px (1.1s)
  ✓  53 tests/browser/inspector.spec.ts:4:34 › reading remains stable across live updates at 390px (1.7s)
  ✓  54 tests/browser/inspector.spec.ts:45:1 › server life refresh retains old records while a response is pending (840ms)
  ✓  55 tests/browser/inspector.spec.ts:77:1 › relationship reordering keeps the same open card and the visible reading position (809ms)
  ✓  56 tests/browser/motion.spec.ts:4:1 › server motion covers response jitter and slow syncs restart without an extra polling interval (9.2s)
  ✓  57 tests/browser/multiplayer.spec.ts:3:1 › invited visitors create and observe in the same world with isolated ownership and owner-only controls (5.7s)
  ✓  58 tests/browser/multiplayer.spec.ts:49:1 › personal stars and last observation follow the same account across contexts without affecting another account (7.2s)
  ✓  59 tests/browser/objects.spec.ts:26:1 › canvas selects roofs and resources, keyboard selection opens live facts and residents remain reachable (1.3s)
  ✓  60 tests/browser/objects.spec.ts:52:1 › mobile and reduced motion support object details and status portraits without overflow (2.7s)
  ✓  61 tests/browser/objects.spec.ts:66:1 › crowded labels avoid each other at all zoom levels and on mobile, with selected and hovered names preserved (2.8s)
  ✓  62 tests/browser/observer.spec.ts:4:1 › followups, physical actions, watch list and grounded family story remain readable on mobile (1.9s)
  ✘  63 tests/browser/observer.spec.ts:26:1 › server watch preferences travel across pages; digest pagination is frozen and reset clears bookmarks (6.9s)
(node:3149883) Warning: The 'NO_COLOR' env is ignored due to the 'FORCE_COLOR' env being set.
(Use `node --trace-warnings ...` to show where the warning was created)
  ✓  64 tests/browser/observer.spec.ts:39:1 › late family history cannot replace another open event or a closed dialog (1.5s)
  ✓  65 tests/browser/observer.spec.ts:48:1 › a pair relationship timeline orders recorded encounters and opens their original evidence (1.0s)
  ✓  66 tests/browser/requests.spec.ts:3:1 › first request reaches an evidenced result, persists, and fits desktop and mobile (6.3s)
  ✓  67 tests/browser/requests.spec.ts:36:1 › server request spends once and retains result through reload; disclosure stays closed during updates (3.8s)
  ✓  68 tests/browser/requests.spec.ts:54:1 › deferring costs nothing and persists a concrete return time (1.4s)
  ✓  69 tests/browser/small-village.spec.ts:3:1 › small village preset, real construction, scene evidence and mobile observation work end to end (8.6s)
  ✓  70 tests/browser/small-village.spec.ts:39:1 › server preset backs up the populated world and construction survives reconnection (6.0s)
  ✓  71 tests/browser/storage-operations.spec.ts:11:1 › storage panel is read-only, handles mobile, and restores the server archive without downloading it (8.1s)
  ✓  72 tests/browser/storage-operations.spec.ts:31:1 › file import previews validated facts, closing does nothing, explicit apply replaces once (7.1s)
  ✓  73 tests/browser/storage-operations.spec.ts:44:1 › invalid and stale previews cannot replace a newer world (9.3s)
  ✓  74 tests/browser/storage.spec.ts:3:1 › live progress is visible across devices before autosave and explicit save exports it (10.5s)


  1) tests/browser/app.spec.ts:322:1 › server history retrieves original events and streamed save remains a valid restorable world 

    Test timeout of 30000ms exceeded.

    Error: locator.selectOption: Test timeout of 30000ms exceeded.
    Call log:
      - waiting for locator('#history-topic')


      325 |   await expect(page.locator('#nav-population')).toHaveText('12'); await page.getByRole('button', { name: '하루 관찰 진행', exact: true }).click(); await expect(page.locator('#game-clock')).toContainText('2일째');
      326 |   await page.getByRole('button', { name: '세계 관찰', exact: true }).click(); await page.locator('#heritage-overview summary').click(); await page.getByRole('button', { name: '도시 연대기와 원인 보기' }).click();
    > 327 |   await page.locator('#history-topic').selectOption('ecology'); await page.getByRole('button', { name: '기록 조회', exact: true }).click(); await expect(page.locator('.history-list')).toContainText('토양');
          |                                        ^
      328 |   await page.getByRole('button', { name: '원문과 이후 영향', exact: true }).first().click(); await expect(page.getByRole('dialog')).toContainText('원인에서 이후 선택까지'); await page.getByRole('button', { name: '닫기', exact: true }).click();
      329 |   const download = page.waitForEvent('download'); await page.getByRole('button', { name: '세계 저장', exact: true }).click();
      330 |   const file = await download; expect(await file.failure()).toBeNull();
        at /home/malrang/workspace/game-dev1/tests/browser/app.spec.ts:327:40

    Error Context: test-results/app-server-history-retriev-0ec54-ns-a-valid-restorable-world/error-context.md

  2) tests/browser/continuity.spec.ts:4:1 › timed construction, evidence, farm fences and daily history work on mobile 

    Test timeout of 30000ms exceeded.

    Error: locator.click: Test timeout of 30000ms exceeded.
    Call log:
      - waiting for locator('[data-protect-farm]').first()
        - locator resolved to <button disabled class="button" data-protect-farm="b1">울타리 설치 · 목재 4</button>
      - attempting click action
        2 × waiting for element to be visible, enabled and stable
          - element is not enabled
        - retrying click action
        - waiting 20ms
        2 × waiting for element to be visible, enabled and stable
          - element is not enabled
        - retrying click action
          - waiting 100ms
        51 × waiting for element to be visible, enabled and stable
           - element is not enabled
         - retrying click action
           - waiting 500ms


       8 |  const a=await(await page.request.get('/api/world')).json();expect(a.state.construction.projects[0].buildingId).toBeUndefined();
       9 |  await page.locator('#observation-details').evaluate((d:HTMLDetailsElement)=>d.open=true);await expect(page.locator('#observation-details')).toContainText('공정 0%');
    > 10 |  await page.locator('[data-protect-farm]').first().click();await expect(page.locator('#observation-details')).toContainText('울타리 보호');
         |                                                    ^
      11 |  await send(page,{type:'step',ticks:144});await page.locator('#cloud-retry').click();const b=await(await page.request.get('/api/world')).json();expect(b.state.construction.projects[0].buildingId).toBeTruthy();
      12 |  await page.locator('#load-button').click();await expect(page.locator('#storage-status')).toContainText('최근 30일 운영 추이');await expect(page.locator('#storage-status table tbody tr')).toHaveCount(1);expect(await page.evaluate(()=>document.documentElement.scrollWidth<=innerWidth)).toBe(true);
      13 |  await page.getByRole('dialog').screenshot({path:'reports/screenshots/v023-operations.png'});
        at /home/malrang/workspace/game-dev1/tests/browser/continuity.spec.ts:10:52

    Error Context: test-results/continuity-timed-construct-a6095-aily-history-work-on-mobile/error-context.md

  3) tests/browser/observer.spec.ts:26:1 › server watch preferences travel across pages; digest pagination is frozen and reset clears bookmarks 

    Error: expect(locator).toContainText(expected) failed

    Locator: locator('#watch-list')
    Expected substring: "하루"
    Received string:    ""
    Timeout: 5000ms

    Call log:
      - Expect "toContainText" locator('#watch-list') with timeout 5000ms
      - waiting for locator('#watch-list')
        14 × locator resolved to <div id="watch-list" class="watch-list"></div>
           - unexpected value ""


      28 |   await command({type:'reset',seed:7,population:12});await command({type:'ai-mode',mode:'off'});await command({type:'step',ticks:144});
      29 |   await page.goto('/');await expect(page.locator('#cloud-status')).toContainText('서버 저장 완료');
    > 30 |   await page.locator('[data-watch="npc0"]').click();await expect(page.locator('#watch-list')).toContainText('하루');
         |                                                                                               ^
      31 |   const second=await browser.newPage();await second.goto('http://127.0.0.1:4173/');await expect(second.locator('#watch-list')).toContainText('하루');await second.close();
      32 |   await page.getByRole('button',{name:'어제',exact:true}).click();await page.locator('#digest-events > summary').click();await expect(page.locator('#digest-events .story-event')).toHaveCount(40);
      33 |   const oldPeriod=await page.locator('.observer-period').textContent();await page.locator('[data-digest-more]').click();await expect(page.locator('#digest-events .story-event')).toHaveCount(80);expect(await page.locator('.observer-period').textContent()).toBe(oldPeriod);
        at /home/malrang/workspace/game-dev1/tests/browser/observer.spec.ts:30:95

    Error Context: test-results/observer-server-watch-pref-207f3--and-reset-clears-bookmarks/error-context.md

  3 failed
    tests/browser/app.spec.ts:322:1 › server history retrieves original events and streamed save remains a valid restorable world 
    tests/browser/continuity.spec.ts:4:1 › timed construction, evidence, farm fences and daily history work on mobile 
    tests/browser/observer.spec.ts:26:1 › server watch preferences travel across pages; digest pagination is frozen and reset clears bookmarks 
  1 skipped
  70 passed (5.3m)
