npm notice run living-small-world@0.24.0 build
npm notice run node scripts/verify-retained.mjs && tsc --noEmit && vite build
Retained engine hashes and registry verified.
vite v7.3.6 building server environment for production...
transforming...
✓ 83 modules transformed.
rendering chunks...
dist/server/wrangler.json                                                                          1.50 kB
dist/server/.vite/manifest.json                                                                    1.75 kB
dist/server/index.js                                                                               0.08 kB
dist/server/assets/94da98e01deb6dc47be00b658f40ac271f09e2521cce68f89d819c4b6ca7e96b-Bg7xaiNw.js  223.03 kB
dist/server/assets/1f715cc52538fb42ba73c3bbbef07b1a948c1f7f1cdcd6f55a986960bfdd8ac4-CV8b6Eg1.js  233.93 kB
dist/server/assets/legacy-v021-DPJE0_Nr.js                                                       255.87 kB
dist/server/assets/worker-entry-DlWImK5k.js                                                      560.40 kB
✓ built in 1.01s
vite v7.3.6 building client environment for production...
transforming...
✓ 93 modules transformed.
rendering chunks...
computing gzip size...
dist/client/.assetsignore                0.02 kB
dist/client/index.html                   0.45 kB │ gzip:   0.35 kB
dist/client/assets/index-CGwQ8gwJ.css   70.79 kB │ gzip:  15.88 kB
dist/client/assets/index-BH9NYPkV.js   496.59 kB │ gzip: 164.53 kB
✓ built in 541ms
